// Jest Snapshot v1, https://goo.gl/fbAQLP

exports[`NotFoundPage snapshot 1`] = `
<div>
  <div
    class="makeStyles-container-1"
  >
    <div
      aria-label="page not found"
    >
      <h1
        class="MuiTypography-root MuiTypography-h1 MuiTypography-colorPrimary"
      >
        404 Page not found!
      </h1>
    </div>
  </div>
</div>
`;
