// Jest Snapshot v1, https://goo.gl/fbAQLP

exports[`RuleListPage should render 20 cards and a create button and snapshot 1`] = `
<div>
  <div
    class="makeStyles-root-1"
  >
    <div>
      <h1>
        Rules List
      </h1>
    </div>
    <button
      aria-label="add rule"
      class="MuiButtonBase-root MuiFab-root makeStyles-fabAddRule-3 MuiFab-primary"
      tabindex="0"
      type="button"
    >
      <span
        class="MuiFab-label"
      >
        <svg
          aria-hidden="true"
          class="MuiSvgIcon-root"
          focusable="false"
          viewBox="0 0 24 24"
        >
          <path
            d="M19 13h-6v6h-2v-6H5v-2h6V5h2v6h6v2z"
          />
        </svg>
      </span>
      <span
        class="MuiTouchRipple-root"
      />
    </button>
    <div
      class="makeStyles-gridCards-2"
    >
      <div
        aria-label="element card rule"
        class="MuiPaper-root MuiCard-root makeStyles-ruleCard-4 MuiPaper-elevation1 MuiPaper-rounded"
      >
        <div
          class="MuiCardHeader-root"
        >
          <div
            class="MuiCardHeader-avatar"
          >
            <div
              aria-label="recipe"
              class="MuiAvatar-root MuiAvatar-circle makeStyles-ruleCardAvatar-5 makeStyles-ruleCardAvatarBlue-7 MuiAvatar-colorDefault"
            >
              S
            </div>
          </div>
          <div
            class="MuiCardHeader-content"
          >
            <span
              class="MuiTypography-root MuiCardHeader-title MuiTypography-body2 MuiTypography-displayBlock"
            >
              Rule 0
            </span>
            <span
              class="MuiTypography-root MuiCardHeader-subheader MuiTypography-body2 MuiTypography-colorTextSecondary MuiTypography-displayBlock"
            >
              1/1/2020 11:10:10
            </span>
          </div>
          <div
            class="MuiCardHeader-action"
          >
            <button
              aria-label="settings"
              class="MuiButtonBase-root MuiIconButton-root"
              tabindex="0"
              type="button"
            >
              <span
                class="MuiIconButton-label"
              >
                <svg
                  aria-hidden="true"
                  class="MuiSvgIcon-root"
                  focusable="false"
                  viewBox="0 0 24 24"
                >
                  <path
                    d="M12 8c1.1 0 2-.9 2-2s-.9-2-2-2-2 .9-2 2 .9 2 2 2zm0 2c-1.1 0-2 .9-2 2s.9 2 2 2 2-.9 2-2-.9-2-2-2zm0 6c-1.1 0-2 .9-2 2s.9 2 2 2 2-.9 2-2-.9-2-2-2z"
                  />
                </svg>
              </span>
              <span
                class="MuiTouchRipple-root"
              />
            </button>
          </div>
        </div>
        <hr
          class="MuiDivider-root"
        />
      </div>
      <div
        aria-label="element card rule"
        class="MuiPaper-root MuiCard-root makeStyles-ruleCard-4 MuiPaper-elevation1 MuiPaper-rounded"
      >
        <div
          class="MuiCardHeader-root"
        >
          <div
            class="MuiCardHeader-avatar"
          >
            <div
              aria-label="recipe"
              class="MuiAvatar-root MuiAvatar-circle makeStyles-ruleCardAvatar-5 makeStyles-ruleCardAvatarRed-6 MuiAvatar-colorDefault"
            >
              H
            </div>
          </div>
          <div
            class="MuiCardHeader-content"
          >
            <span
              class="MuiTypography-root MuiCardHeader-title MuiTypography-body2 MuiTypography-displayBlock"
            >
              Rule 1
            </span>
            <span
              class="MuiTypography-root MuiCardHeader-subheader MuiTypography-body2 MuiTypography-colorTextSecondary MuiTypography-displayBlock"
            >
              1/1/2020 11:10:10
            </span>
          </div>
          <div
            class="MuiCardHeader-action"
          >
            <button
              aria-label="settings"
              class="MuiButtonBase-root MuiIconButton-root"
              tabindex="0"
              type="button"
            >
              <span
                class="MuiIconButton-label"
              >
                <svg
                  aria-hidden="true"
                  class="MuiSvgIcon-root"
                  focusable="false"
                  viewBox="0 0 24 24"
                >
                  <path
                    d="M12 8c1.1 0 2-.9 2-2s-.9-2-2-2-2 .9-2 2 .9 2 2 2zm0 2c-1.1 0-2 .9-2 2s.9 2 2 2 2-.9 2-2-.9-2-2-2zm0 6c-1.1 0-2 .9-2 2s.9 2 2 2 2-.9 2-2-.9-2-2-2z"
                  />
                </svg>
              </span>
              <span
                class="MuiTouchRipple-root"
              />
            </button>
          </div>
        </div>
        <hr
          class="MuiDivider-root"
        />
      </div>
      <div
        aria-label="element card rule"
        class="MuiPaper-root MuiCard-root makeStyles-ruleCard-4 MuiPaper-elevation1 MuiPaper-rounded"
      >
        <div
          class="MuiCardHeader-root"
        >
          <div
            class="MuiCardHeader-avatar"
          >
            <div
              aria-label="recipe"
              class="MuiAvatar-root MuiAvatar-circle makeStyles-ruleCardAvatar-5 makeStyles-ruleCardAvatarOrange-9 MuiAvatar-colorDefault"
            >
              T
            </div>
          </div>
          <div
            class="MuiCardHeader-content"
          >
            <span
              class="MuiTypography-root MuiCardHeader-title MuiTypography-body2 MuiTypography-displayBlock"
            >
              Rule 2
            </span>
            <span
              class="MuiTypography-root MuiCardHeader-subheader MuiTypography-body2 MuiTypography-colorTextSecondary MuiTypography-displayBlock"
            >
              1/1/2020 11:10:10
            </span>
          </div>
          <div
            class="MuiCardHeader-action"
          >
            <button
              aria-label="settings"
              class="MuiButtonBase-root MuiIconButton-root"
              tabindex="0"
              type="button"
            >
              <span
                class="MuiIconButton-label"
              >
                <svg
                  aria-hidden="true"
                  class="MuiSvgIcon-root"
                  focusable="false"
                  viewBox="0 0 24 24"
                >
                  <path
                    d="M12 8c1.1 0 2-.9 2-2s-.9-2-2-2-2 .9-2 2 .9 2 2 2zm0 2c-1.1 0-2 .9-2 2s.9 2 2 2 2-.9 2-2-.9-2-2-2zm0 6c-1.1 0-2 .9-2 2s.9 2 2 2 2-.9 2-2-.9-2-2-2z"
                  />
                </svg>
              </span>
              <span
                class="MuiTouchRipple-root"
              />
            </button>
          </div>
        </div>
        <hr
          class="MuiDivider-root"
        />
      </div>
      <div
        aria-label="element card rule"
        class="MuiPaper-root MuiCard-root makeStyles-ruleCard-4 MuiPaper-elevation1 MuiPaper-rounded"
      >
        <div
          class="MuiCardHeader-root"
        >
          <div
            class="MuiCardHeader-avatar"
          >
            <div
              aria-label="recipe"
              class="MuiAvatar-root MuiAvatar-circle makeStyles-ruleCardAvatar-5 makeStyles-ruleCardAvatarPurple-8 MuiAvatar-colorDefault"
            >
              R
            </div>
          </div>
          <div
            class="MuiCardHeader-content"
          >
            <span
              class="MuiTypography-root MuiCardHeader-title MuiTypography-body2 MuiTypography-displayBlock"
            >
              Rule 3
            </span>
            <span
              class="MuiTypography-root MuiCardHeader-subheader MuiTypography-body2 MuiTypography-colorTextSecondary MuiTypography-displayBlock"
            >
              1/1/2020 11:10:10
            </span>
          </div>
          <div
            class="MuiCardHeader-action"
          >
            <button
              aria-label="settings"
              class="MuiButtonBase-root MuiIconButton-root"
              tabindex="0"
              type="button"
            >
              <span
                class="MuiIconButton-label"
              >
                <svg
                  aria-hidden="true"
                  class="MuiSvgIcon-root"
                  focusable="false"
                  viewBox="0 0 24 24"
                >
                  <path
                    d="M12 8c1.1 0 2-.9 2-2s-.9-2-2-2-2 .9-2 2 .9 2 2 2zm0 2c-1.1 0-2 .9-2 2s.9 2 2 2 2-.9 2-2-.9-2-2-2zm0 6c-1.1 0-2 .9-2 2s.9 2 2 2 2-.9 2-2-.9-2-2-2z"
                  />
                </svg>
              </span>
              <span
                class="MuiTouchRipple-root"
              />
            </button>
          </div>
        </div>
        <hr
          class="MuiDivider-root"
        />
      </div>
      <div
        aria-label="element card rule"
        class="MuiPaper-root MuiCard-root makeStyles-ruleCard-4 MuiPaper-elevation1 MuiPaper-rounded"
      >
        <div
          class="MuiCardHeader-root"
        >
          <div
            class="MuiCardHeader-avatar"
          >
            <div
              aria-label="recipe"
              class="MuiAvatar-root MuiAvatar-circle makeStyles-ruleCardAvatar-5 makeStyles-ruleCardAvatarBlue-7 MuiAvatar-colorDefault"
            >
              S
            </div>
          </div>
          <div
            class="MuiCardHeader-content"
          >
            <span
              class="MuiTypography-root MuiCardHeader-title MuiTypography-body2 MuiTypography-displayBlock"
            >
              Rule 4
            </span>
            <span
              class="MuiTypography-root MuiCardHeader-subheader MuiTypography-body2 MuiTypography-colorTextSecondary MuiTypography-displayBlock"
            >
              1/1/2020 11:10:10
            </span>
          </div>
          <div
            class="MuiCardHeader-action"
          >
            <button
              aria-label="settings"
              class="MuiButtonBase-root MuiIconButton-root"
              tabindex="0"
              type="button"
            >
              <span
                class="MuiIconButton-label"
              >
                <svg
                  aria-hidden="true"
                  class="MuiSvgIcon-root"
                  focusable="false"
                  viewBox="0 0 24 24"
                >
                  <path
                    d="M12 8c1.1 0 2-.9 2-2s-.9-2-2-2-2 .9-2 2 .9 2 2 2zm0 2c-1.1 0-2 .9-2 2s.9 2 2 2 2-.9 2-2-.9-2-2-2zm0 6c-1.1 0-2 .9-2 2s.9 2 2 2 2-.9 2-2-.9-2-2-2z"
                  />
                </svg>
              </span>
              <span
                class="MuiTouchRipple-root"
              />
            </button>
          </div>
        </div>
        <hr
          class="MuiDivider-root"
        />
      </div>
      <div
        aria-label="element card rule"
        class="MuiPaper-root MuiCard-root makeStyles-ruleCard-4 MuiPaper-elevation1 MuiPaper-rounded"
      >
        <div
          class="MuiCardHeader-root"
        >
          <div
            class="MuiCardHeader-avatar"
          >
            <div
              aria-label="recipe"
              class="MuiAvatar-root MuiAvatar-circle makeStyles-ruleCardAvatar-5 makeStyles-ruleCardAvatarRed-6 MuiAvatar-colorDefault"
            >
              H
            </div>
          </div>
          <div
            class="MuiCardHeader-content"
          >
            <span
              class="MuiTypography-root MuiCardHeader-title MuiTypography-body2 MuiTypography-displayBlock"
            >
              Rule 5
            </span>
            <span
              class="MuiTypography-root MuiCardHeader-subheader MuiTypography-body2 MuiTypography-colorTextSecondary MuiTypography-displayBlock"
            >
              1/1/2020 11:10:10
            </span>
          </div>
          <div
            class="MuiCardHeader-action"
          >
            <button
              aria-label="settings"
              class="MuiButtonBase-root MuiIconButton-root"
              tabindex="0"
              type="button"
            >
              <span
                class="MuiIconButton-label"
              >
                <svg
                  aria-hidden="true"
                  class="MuiSvgIcon-root"
                  focusable="false"
                  viewBox="0 0 24 24"
                >
                  <path
                    d="M12 8c1.1 0 2-.9 2-2s-.9-2-2-2-2 .9-2 2 .9 2 2 2zm0 2c-1.1 0-2 .9-2 2s.9 2 2 2 2-.9 2-2-.9-2-2-2zm0 6c-1.1 0-2 .9-2 2s.9 2 2 2 2-.9 2-2-.9-2-2-2z"
                  />
                </svg>
              </span>
              <span
                class="MuiTouchRipple-root"
              />
            </button>
          </div>
        </div>
        <hr
          class="MuiDivider-root"
        />
      </div>
      <div
        aria-label="element card rule"
        class="MuiPaper-root MuiCard-root makeStyles-ruleCard-4 MuiPaper-elevation1 MuiPaper-rounded"
      >
        <div
          class="MuiCardHeader-root"
        >
          <div
            class="MuiCardHeader-avatar"
          >
            <div
              aria-label="recipe"
              class="MuiAvatar-root MuiAvatar-circle makeStyles-ruleCardAvatar-5 makeStyles-ruleCardAvatarOrange-9 MuiAvatar-colorDefault"
            >
              T
            </div>
          </div>
          <div
            class="MuiCardHeader-content"
          >
            <span
              class="MuiTypography-root MuiCardHeader-title MuiTypography-body2 MuiTypography-displayBlock"
            >
              Rule 6
            </span>
            <span
              class="MuiTypography-root MuiCardHeader-subheader MuiTypography-body2 MuiTypography-colorTextSecondary MuiTypography-displayBlock"
            >
              1/1/2020 11:10:10
            </span>
          </div>
          <div
            class="MuiCardHeader-action"
          >
            <button
              aria-label="settings"
              class="MuiButtonBase-root MuiIconButton-root"
              tabindex="0"
              type="button"
            >
              <span
                class="MuiIconButton-label"
              >
                <svg
                  aria-hidden="true"
                  class="MuiSvgIcon-root"
                  focusable="false"
                  viewBox="0 0 24 24"
                >
                  <path
                    d="M12 8c1.1 0 2-.9 2-2s-.9-2-2-2-2 .9-2 2 .9 2 2 2zm0 2c-1.1 0-2 .9-2 2s.9 2 2 2 2-.9 2-2-.9-2-2-2zm0 6c-1.1 0-2 .9-2 2s.9 2 2 2 2-.9 2-2-.9-2-2-2z"
                  />
                </svg>
              </span>
              <span
                class="MuiTouchRipple-root"
              />
            </button>
          </div>
        </div>
        <hr
          class="MuiDivider-root"
        />
      </div>
      <div
        aria-label="element card rule"
        class="MuiPaper-root MuiCard-root makeStyles-ruleCard-4 MuiPaper-elevation1 MuiPaper-rounded"
      >
        <div
          class="MuiCardHeader-root"
        >
          <div
            class="MuiCardHeader-avatar"
          >
            <div
              aria-label="recipe"
              class="MuiAvatar-root MuiAvatar-circle makeStyles-ruleCardAvatar-5 makeStyles-ruleCardAvatarPurple-8 MuiAvatar-colorDefault"
            >
              R
            </div>
          </div>
          <div
            class="MuiCardHeader-content"
          >
            <span
              class="MuiTypography-root MuiCardHeader-title MuiTypography-body2 MuiTypography-displayBlock"
            >
              Rule 7
            </span>
            <span
              class="MuiTypography-root MuiCardHeader-subheader MuiTypography-body2 MuiTypography-colorTextSecondary MuiTypography-displayBlock"
            >
              1/1/2020 11:10:10
            </span>
          </div>
          <div
            class="MuiCardHeader-action"
          >
            <button
              aria-label="settings"
              class="MuiButtonBase-root MuiIconButton-root"
              tabindex="0"
              type="button"
            >
              <span
                class="MuiIconButton-label"
              >
                <svg
                  aria-hidden="true"
                  class="MuiSvgIcon-root"
                  focusable="false"
                  viewBox="0 0 24 24"
                >
                  <path
                    d="M12 8c1.1 0 2-.9 2-2s-.9-2-2-2-2 .9-2 2 .9 2 2 2zm0 2c-1.1 0-2 .9-2 2s.9 2 2 2 2-.9 2-2-.9-2-2-2zm0 6c-1.1 0-2 .9-2 2s.9 2 2 2 2-.9 2-2-.9-2-2-2z"
                  />
                </svg>
              </span>
              <span
                class="MuiTouchRipple-root"
              />
            </button>
          </div>
        </div>
        <hr
          class="MuiDivider-root"
        />
      </div>
      <div
        aria-label="element card rule"
        class="MuiPaper-root MuiCard-root makeStyles-ruleCard-4 MuiPaper-elevation1 MuiPaper-rounded"
      >
        <div
          class="MuiCardHeader-root"
        >
          <div
            class="MuiCardHeader-avatar"
          >
            <div
              aria-label="recipe"
              class="MuiAvatar-root MuiAvatar-circle makeStyles-ruleCardAvatar-5 makeStyles-ruleCardAvatarBlue-7 MuiAvatar-colorDefault"
            >
              S
            </div>
          </div>
          <div
            class="MuiCardHeader-content"
          >
            <span
              class="MuiTypography-root MuiCardHeader-title MuiTypography-body2 MuiTypography-displayBlock"
            >
              Rule 8
            </span>
            <span
              class="MuiTypography-root MuiCardHeader-subheader MuiTypography-body2 MuiTypography-colorTextSecondary MuiTypography-displayBlock"
            >
              1/1/2020 11:10:10
            </span>
          </div>
          <div
            class="MuiCardHeader-action"
          >
            <button
              aria-label="settings"
              class="MuiButtonBase-root MuiIconButton-root"
              tabindex="0"
              type="button"
            >
              <span
                class="MuiIconButton-label"
              >
                <svg
                  aria-hidden="true"
                  class="MuiSvgIcon-root"
                  focusable="false"
                  viewBox="0 0 24 24"
                >
                  <path
                    d="M12 8c1.1 0 2-.9 2-2s-.9-2-2-2-2 .9-2 2 .9 2 2 2zm0 2c-1.1 0-2 .9-2 2s.9 2 2 2 2-.9 2-2-.9-2-2-2zm0 6c-1.1 0-2 .9-2 2s.9 2 2 2 2-.9 2-2-.9-2-2-2z"
                  />
                </svg>
              </span>
              <span
                class="MuiTouchRipple-root"
              />
            </button>
          </div>
        </div>
        <hr
          class="MuiDivider-root"
        />
      </div>
      <div
        aria-label="element card rule"
        class="MuiPaper-root MuiCard-root makeStyles-ruleCard-4 MuiPaper-elevation1 MuiPaper-rounded"
      >
        <div
          class="MuiCardHeader-root"
        >
          <div
            class="MuiCardHeader-avatar"
          >
            <div
              aria-label="recipe"
              class="MuiAvatar-root MuiAvatar-circle makeStyles-ruleCardAvatar-5 makeStyles-ruleCardAvatarRed-6 MuiAvatar-colorDefault"
            >
              H
            </div>
          </div>
          <div
            class="MuiCardHeader-content"
          >
            <span
              class="MuiTypography-root MuiCardHeader-title MuiTypography-body2 MuiTypography-displayBlock"
            >
              Rule 9
            </span>
            <span
              class="MuiTypography-root MuiCardHeader-subheader MuiTypography-body2 MuiTypography-colorTextSecondary MuiTypography-displayBlock"
            >
              1/1/2020 11:10:10
            </span>
          </div>
          <div
            class="MuiCardHeader-action"
          >
            <button
              aria-label="settings"
              class="MuiButtonBase-root MuiIconButton-root"
              tabindex="0"
              type="button"
            >
              <span
                class="MuiIconButton-label"
              >
                <svg
                  aria-hidden="true"
                  class="MuiSvgIcon-root"
                  focusable="false"
                  viewBox="0 0 24 24"
                >
                  <path
                    d="M12 8c1.1 0 2-.9 2-2s-.9-2-2-2-2 .9-2 2 .9 2 2 2zm0 2c-1.1 0-2 .9-2 2s.9 2 2 2 2-.9 2-2-.9-2-2-2zm0 6c-1.1 0-2 .9-2 2s.9 2 2 2 2-.9 2-2-.9-2-2-2z"
                  />
                </svg>
              </span>
              <span
                class="MuiTouchRipple-root"
              />
            </button>
          </div>
        </div>
        <hr
          class="MuiDivider-root"
        />
      </div>
      <div
        aria-label="element card rule"
        class="MuiPaper-root MuiCard-root makeStyles-ruleCard-4 MuiPaper-elevation1 MuiPaper-rounded"
      >
        <div
          class="MuiCardHeader-root"
        >
          <div
            class="MuiCardHeader-avatar"
          >
            <div
              aria-label="recipe"
              class="MuiAvatar-root MuiAvatar-circle makeStyles-ruleCardAvatar-5 makeStyles-ruleCardAvatarOrange-9 MuiAvatar-colorDefault"
            >
              T
            </div>
          </div>
          <div
            class="MuiCardHeader-content"
          >
            <span
              class="MuiTypography-root MuiCardHeader-title MuiTypography-body2 MuiTypography-displayBlock"
            >
              Rule 10
            </span>
            <span
              class="MuiTypography-root MuiCardHeader-subheader MuiTypography-body2 MuiTypography-colorTextSecondary MuiTypography-displayBlock"
            >
              1/1/2020 11:10:10
            </span>
          </div>
          <div
            class="MuiCardHeader-action"
          >
            <button
              aria-label="settings"
              class="MuiButtonBase-root MuiIconButton-root"
              tabindex="0"
              type="button"
            >
              <span
                class="MuiIconButton-label"
              >
                <svg
                  aria-hidden="true"
                  class="MuiSvgIcon-root"
                  focusable="false"
                  viewBox="0 0 24 24"
                >
                  <path
                    d="M12 8c1.1 0 2-.9 2-2s-.9-2-2-2-2 .9-2 2 .9 2 2 2zm0 2c-1.1 0-2 .9-2 2s.9 2 2 2 2-.9 2-2-.9-2-2-2zm0 6c-1.1 0-2 .9-2 2s.9 2 2 2 2-.9 2-2-.9-2-2-2z"
                  />
                </svg>
              </span>
              <span
                class="MuiTouchRipple-root"
              />
            </button>
          </div>
        </div>
        <hr
          class="MuiDivider-root"
        />
      </div>
      <div
        aria-label="element card rule"
        class="MuiPaper-root MuiCard-root makeStyles-ruleCard-4 MuiPaper-elevation1 MuiPaper-rounded"
      >
        <div
          class="MuiCardHeader-root"
        >
          <div
            class="MuiCardHeader-avatar"
          >
            <div
              aria-label="recipe"
              class="MuiAvatar-root MuiAvatar-circle makeStyles-ruleCardAvatar-5 makeStyles-ruleCardAvatarPurple-8 MuiAvatar-colorDefault"
            >
              R
            </div>
          </div>
          <div
            class="MuiCardHeader-content"
          >
            <span
              class="MuiTypography-root MuiCardHeader-title MuiTypography-body2 MuiTypography-displayBlock"
            >
              Rule 11
            </span>
            <span
              class="MuiTypography-root MuiCardHeader-subheader MuiTypography-body2 MuiTypography-colorTextSecondary MuiTypography-displayBlock"
            >
              1/1/2020 11:10:10
            </span>
          </div>
          <div
            class="MuiCardHeader-action"
          >
            <button
              aria-label="settings"
              class="MuiButtonBase-root MuiIconButton-root"
              tabindex="0"
              type="button"
            >
              <span
                class="MuiIconButton-label"
              >
                <svg
                  aria-hidden="true"
                  class="MuiSvgIcon-root"
                  focusable="false"
                  viewBox="0 0 24 24"
                >
                  <path
                    d="M12 8c1.1 0 2-.9 2-2s-.9-2-2-2-2 .9-2 2 .9 2 2 2zm0 2c-1.1 0-2 .9-2 2s.9 2 2 2 2-.9 2-2-.9-2-2-2zm0 6c-1.1 0-2 .9-2 2s.9 2 2 2 2-.9 2-2-.9-2-2-2z"
                  />
                </svg>
              </span>
              <span
                class="MuiTouchRipple-root"
              />
            </button>
          </div>
        </div>
        <hr
          class="MuiDivider-root"
        />
      </div>
      <div
        aria-label="element card rule"
        class="MuiPaper-root MuiCard-root makeStyles-ruleCard-4 MuiPaper-elevation1 MuiPaper-rounded"
      >
        <div
          class="MuiCardHeader-root"
        >
          <div
            class="MuiCardHeader-avatar"
          >
            <div
              aria-label="recipe"
              class="MuiAvatar-root MuiAvatar-circle makeStyles-ruleCardAvatar-5 makeStyles-ruleCardAvatarBlue-7 MuiAvatar-colorDefault"
            >
              S
            </div>
          </div>
          <div
            class="MuiCardHeader-content"
          >
            <span
              class="MuiTypography-root MuiCardHeader-title MuiTypography-body2 MuiTypography-displayBlock"
            >
              Rule 12
            </span>
            <span
              class="MuiTypography-root MuiCardHeader-subheader MuiTypography-body2 MuiTypography-colorTextSecondary MuiTypography-displayBlock"
            >
              1/1/2020 11:10:10
            </span>
          </div>
          <div
            class="MuiCardHeader-action"
          >
            <button
              aria-label="settings"
              class="MuiButtonBase-root MuiIconButton-root"
              tabindex="0"
              type="button"
            >
              <span
                class="MuiIconButton-label"
              >
                <svg
                  aria-hidden="true"
                  class="MuiSvgIcon-root"
                  focusable="false"
                  viewBox="0 0 24 24"
                >
                  <path
                    d="M12 8c1.1 0 2-.9 2-2s-.9-2-2-2-2 .9-2 2 .9 2 2 2zm0 2c-1.1 0-2 .9-2 2s.9 2 2 2 2-.9 2-2-.9-2-2-2zm0 6c-1.1 0-2 .9-2 2s.9 2 2 2 2-.9 2-2-.9-2-2-2z"
                  />
                </svg>
              </span>
              <span
                class="MuiTouchRipple-root"
              />
            </button>
          </div>
        </div>
        <hr
          class="MuiDivider-root"
        />
      </div>
      <div
        aria-label="element card rule"
        class="MuiPaper-root MuiCard-root makeStyles-ruleCard-4 MuiPaper-elevation1 MuiPaper-rounded"
      >
        <div
          class="MuiCardHeader-root"
        >
          <div
            class="MuiCardHeader-avatar"
          >
            <div
              aria-label="recipe"
              class="MuiAvatar-root MuiAvatar-circle makeStyles-ruleCardAvatar-5 makeStyles-ruleCardAvatarRed-6 MuiAvatar-colorDefault"
            >
              H
            </div>
          </div>
          <div
            class="MuiCardHeader-content"
          >
            <span
              class="MuiTypography-root MuiCardHeader-title MuiTypography-body2 MuiTypography-displayBlock"
            >
              Rule 13
            </span>
            <span
              class="MuiTypography-root MuiCardHeader-subheader MuiTypography-body2 MuiTypography-colorTextSecondary MuiTypography-displayBlock"
            >
              1/1/2020 11:10:10
            </span>
          </div>
          <div
            class="MuiCardHeader-action"
          >
            <button
              aria-label="settings"
              class="MuiButtonBase-root MuiIconButton-root"
              tabindex="0"
              type="button"
            >
              <span
                class="MuiIconButton-label"
              >
                <svg
                  aria-hidden="true"
                  class="MuiSvgIcon-root"
                  focusable="false"
                  viewBox="0 0 24 24"
                >
                  <path
                    d="M12 8c1.1 0 2-.9 2-2s-.9-2-2-2-2 .9-2 2 .9 2 2 2zm0 2c-1.1 0-2 .9-2 2s.9 2 2 2 2-.9 2-2-.9-2-2-2zm0 6c-1.1 0-2 .9-2 2s.9 2 2 2 2-.9 2-2-.9-2-2-2z"
                  />
                </svg>
              </span>
              <span
                class="MuiTouchRipple-root"
              />
            </button>
          </div>
        </div>
        <hr
          class="MuiDivider-root"
        />
      </div>
      <div
        aria-label="element card rule"
        class="MuiPaper-root MuiCard-root makeStyles-ruleCard-4 MuiPaper-elevation1 MuiPaper-rounded"
      >
        <div
          class="MuiCardHeader-root"
        >
          <div
            class="MuiCardHeader-avatar"
          >
            <div
              aria-label="recipe"
              class="MuiAvatar-root MuiAvatar-circle makeStyles-ruleCardAvatar-5 makeStyles-ruleCardAvatarOrange-9 MuiAvatar-colorDefault"
            >
              T
            </div>
          </div>
          <div
            class="MuiCardHeader-content"
          >
            <span
              class="MuiTypography-root MuiCardHeader-title MuiTypography-body2 MuiTypography-displayBlock"
            >
              Rule 14
            </span>
            <span
              class="MuiTypography-root MuiCardHeader-subheader MuiTypography-body2 MuiTypography-colorTextSecondary MuiTypography-displayBlock"
            >
              1/1/2020 11:10:10
            </span>
          </div>
          <div
            class="MuiCardHeader-action"
          >
            <button
              aria-label="settings"
              class="MuiButtonBase-root MuiIconButton-root"
              tabindex="0"
              type="button"
            >
              <span
                class="MuiIconButton-label"
              >
                <svg
                  aria-hidden="true"
                  class="MuiSvgIcon-root"
                  focusable="false"
                  viewBox="0 0 24 24"
                >
                  <path
                    d="M12 8c1.1 0 2-.9 2-2s-.9-2-2-2-2 .9-2 2 .9 2 2 2zm0 2c-1.1 0-2 .9-2 2s.9 2 2 2 2-.9 2-2-.9-2-2-2zm0 6c-1.1 0-2 .9-2 2s.9 2 2 2 2-.9 2-2-.9-2-2-2z"
                  />
                </svg>
              </span>
              <span
                class="MuiTouchRipple-root"
              />
            </button>
          </div>
        </div>
        <hr
          class="MuiDivider-root"
        />
      </div>
      <div
        aria-label="element card rule"
        class="MuiPaper-root MuiCard-root makeStyles-ruleCard-4 MuiPaper-elevation1 MuiPaper-rounded"
      >
        <div
          class="MuiCardHeader-root"
        >
          <div
            class="MuiCardHeader-avatar"
          >
            <div
              aria-label="recipe"
              class="MuiAvatar-root MuiAvatar-circle makeStyles-ruleCardAvatar-5 makeStyles-ruleCardAvatarPurple-8 MuiAvatar-colorDefault"
            >
              R
            </div>
          </div>
          <div
            class="MuiCardHeader-content"
          >
            <span
              class="MuiTypography-root MuiCardHeader-title MuiTypography-body2 MuiTypography-displayBlock"
            >
              Rule 15
            </span>
            <span
              class="MuiTypography-root MuiCardHeader-subheader MuiTypography-body2 MuiTypography-colorTextSecondary MuiTypography-displayBlock"
            >
              1/1/2020 11:10:10
            </span>
          </div>
          <div
            class="MuiCardHeader-action"
          >
            <button
              aria-label="settings"
              class="MuiButtonBase-root MuiIconButton-root"
              tabindex="0"
              type="button"
            >
              <span
                class="MuiIconButton-label"
              >
                <svg
                  aria-hidden="true"
                  class="MuiSvgIcon-root"
                  focusable="false"
                  viewBox="0 0 24 24"
                >
                  <path
                    d="M12 8c1.1 0 2-.9 2-2s-.9-2-2-2-2 .9-2 2 .9 2 2 2zm0 2c-1.1 0-2 .9-2 2s.9 2 2 2 2-.9 2-2-.9-2-2-2zm0 6c-1.1 0-2 .9-2 2s.9 2 2 2 2-.9 2-2-.9-2-2-2z"
                  />
                </svg>
              </span>
              <span
                class="MuiTouchRipple-root"
              />
            </button>
          </div>
        </div>
        <hr
          class="MuiDivider-root"
        />
      </div>
      <div
        aria-label="element card rule"
        class="MuiPaper-root MuiCard-root makeStyles-ruleCard-4 MuiPaper-elevation1 MuiPaper-rounded"
      >
        <div
          class="MuiCardHeader-root"
        >
          <div
            class="MuiCardHeader-avatar"
          >
            <div
              aria-label="recipe"
              class="MuiAvatar-root MuiAvatar-circle makeStyles-ruleCardAvatar-5 makeStyles-ruleCardAvatarBlue-7 MuiAvatar-colorDefault"
            >
              S
            </div>
          </div>
          <div
            class="MuiCardHeader-content"
          >
            <span
              class="MuiTypography-root MuiCardHeader-title MuiTypography-body2 MuiTypography-displayBlock"
            >
              Rule 16
            </span>
            <span
              class="MuiTypography-root MuiCardHeader-subheader MuiTypography-body2 MuiTypography-colorTextSecondary MuiTypography-displayBlock"
            >
              1/1/2020 11:10:10
            </span>
          </div>
          <div
            class="MuiCardHeader-action"
          >
            <button
              aria-label="settings"
              class="MuiButtonBase-root MuiIconButton-root"
              tabindex="0"
              type="button"
            >
              <span
                class="MuiIconButton-label"
              >
                <svg
                  aria-hidden="true"
                  class="MuiSvgIcon-root"
                  focusable="false"
                  viewBox="0 0 24 24"
                >
                  <path
                    d="M12 8c1.1 0 2-.9 2-2s-.9-2-2-2-2 .9-2 2 .9 2 2 2zm0 2c-1.1 0-2 .9-2 2s.9 2 2 2 2-.9 2-2-.9-2-2-2zm0 6c-1.1 0-2 .9-2 2s.9 2 2 2 2-.9 2-2-.9-2-2-2z"
                  />
                </svg>
              </span>
              <span
                class="MuiTouchRipple-root"
              />
            </button>
          </div>
        </div>
        <hr
          class="MuiDivider-root"
        />
      </div>
      <div
        aria-label="element card rule"
        class="MuiPaper-root MuiCard-root makeStyles-ruleCard-4 MuiPaper-elevation1 MuiPaper-rounded"
      >
        <div
          class="MuiCardHeader-root"
        >
          <div
            class="MuiCardHeader-avatar"
          >
            <div
              aria-label="recipe"
              class="MuiAvatar-root MuiAvatar-circle makeStyles-ruleCardAvatar-5 makeStyles-ruleCardAvatarRed-6 MuiAvatar-colorDefault"
            >
              H
            </div>
          </div>
          <div
            class="MuiCardHeader-content"
          >
            <span
              class="MuiTypography-root MuiCardHeader-title MuiTypography-body2 MuiTypography-displayBlock"
            >
              Rule 17
            </span>
            <span
              class="MuiTypography-root MuiCardHeader-subheader MuiTypography-body2 MuiTypography-colorTextSecondary MuiTypography-displayBlock"
            >
              1/1/2020 11:10:10
            </span>
          </div>
          <div
            class="MuiCardHeader-action"
          >
            <button
              aria-label="settings"
              class="MuiButtonBase-root MuiIconButton-root"
              tabindex="0"
              type="button"
            >
              <span
                class="MuiIconButton-label"
              >
                <svg
                  aria-hidden="true"
                  class="MuiSvgIcon-root"
                  focusable="false"
                  viewBox="0 0 24 24"
                >
                  <path
                    d="M12 8c1.1 0 2-.9 2-2s-.9-2-2-2-2 .9-2 2 .9 2 2 2zm0 2c-1.1 0-2 .9-2 2s.9 2 2 2 2-.9 2-2-.9-2-2-2zm0 6c-1.1 0-2 .9-2 2s.9 2 2 2 2-.9 2-2-.9-2-2-2z"
                  />
                </svg>
              </span>
              <span
                class="MuiTouchRipple-root"
              />
            </button>
          </div>
        </div>
        <hr
          class="MuiDivider-root"
        />
      </div>
      <div
        aria-label="element card rule"
        class="MuiPaper-root MuiCard-root makeStyles-ruleCard-4 MuiPaper-elevation1 MuiPaper-rounded"
      >
        <div
          class="MuiCardHeader-root"
        >
          <div
            class="MuiCardHeader-avatar"
          >
            <div
              aria-label="recipe"
              class="MuiAvatar-root MuiAvatar-circle makeStyles-ruleCardAvatar-5 makeStyles-ruleCardAvatarOrange-9 MuiAvatar-colorDefault"
            >
              T
            </div>
          </div>
          <div
            class="MuiCardHeader-content"
          >
            <span
              class="MuiTypography-root MuiCardHeader-title MuiTypography-body2 MuiTypography-displayBlock"
            >
              Rule 18
            </span>
            <span
              class="MuiTypography-root MuiCardHeader-subheader MuiTypography-body2 MuiTypography-colorTextSecondary MuiTypography-displayBlock"
            >
              1/1/2020 11:10:10
            </span>
          </div>
          <div
            class="MuiCardHeader-action"
          >
            <button
              aria-label="settings"
              class="MuiButtonBase-root MuiIconButton-root"
              tabindex="0"
              type="button"
            >
              <span
                class="MuiIconButton-label"
              >
                <svg
                  aria-hidden="true"
                  class="MuiSvgIcon-root"
                  focusable="false"
                  viewBox="0 0 24 24"
                >
                  <path
                    d="M12 8c1.1 0 2-.9 2-2s-.9-2-2-2-2 .9-2 2 .9 2 2 2zm0 2c-1.1 0-2 .9-2 2s.9 2 2 2 2-.9 2-2-.9-2-2-2zm0 6c-1.1 0-2 .9-2 2s.9 2 2 2 2-.9 2-2-.9-2-2-2z"
                  />
                </svg>
              </span>
              <span
                class="MuiTouchRipple-root"
              />
            </button>
          </div>
        </div>
        <hr
          class="MuiDivider-root"
        />
      </div>
      <div
        aria-label="element card rule"
        class="MuiPaper-root MuiCard-root makeStyles-ruleCard-4 MuiPaper-elevation1 MuiPaper-rounded"
      >
        <div
          class="MuiCardHeader-root"
        >
          <div
            class="MuiCardHeader-avatar"
          >
            <div
              aria-label="recipe"
              class="MuiAvatar-root MuiAvatar-circle makeStyles-ruleCardAvatar-5 makeStyles-ruleCardAvatarPurple-8 MuiAvatar-colorDefault"
            >
              R
            </div>
          </div>
          <div
            class="MuiCardHeader-content"
          >
            <span
              class="MuiTypography-root MuiCardHeader-title MuiTypography-body2 MuiTypography-displayBlock"
            >
              Rule 19
            </span>
            <span
              class="MuiTypography-root MuiCardHeader-subheader MuiTypography-body2 MuiTypography-colorTextSecondary MuiTypography-displayBlock"
            >
              1/1/2020 11:10:10
            </span>
          </div>
          <div
            class="MuiCardHeader-action"
          >
            <button
              aria-label="settings"
              class="MuiButtonBase-root MuiIconButton-root"
              tabindex="0"
              type="button"
            >
              <span
                class="MuiIconButton-label"
              >
                <svg
                  aria-hidden="true"
                  class="MuiSvgIcon-root"
                  focusable="false"
                  viewBox="0 0 24 24"
                >
                  <path
                    d="M12 8c1.1 0 2-.9 2-2s-.9-2-2-2-2 .9-2 2 .9 2 2 2zm0 2c-1.1 0-2 .9-2 2s.9 2 2 2 2-.9 2-2-.9-2-2-2zm0 6c-1.1 0-2 .9-2 2s.9 2 2 2 2-.9 2-2-.9-2-2-2z"
                  />
                </svg>
              </span>
              <span
                class="MuiTouchRipple-root"
              />
            </button>
          </div>
        </div>
        <hr
          class="MuiDivider-root"
        />
      </div>
    </div>
  </div>
</div>
`;
