// Jest Snapshot v1, https://goo.gl/fbAQLP

exports[`TitleTable render with the title provided and snapshot 1`] = `
<div>
  <div
    aria-label="table title"
    class="makeStyles-tabletitle-1"
  >
    <div
      class="MuiToolbar-root MuiToolbar-regular MuiToolbar-gutters"
    >
      <h6
        class="MuiTypography-root makeStyles-tablename-2 MuiTypography-h6"
      >
        Table title component
      </h6>
    </div>
  </div>
</div>
`;
