// Jest Snapshot v1, https://goo.gl/fbAQLP

exports[`MenuDrawer should render menu when open in / and navigate to targets, snapshot and back 1`] = `
<div
  aria-hidden="true"
>
  <div />
</div>
`;

exports[`MenuDrawer should render menu when open in / with EventTypes selected and snapshot 1`] = `
<div
  aria-hidden="true"
>
  <div />
</div>
`;
